  live database: last132_agent (drvo_agent)
  cleanup: removed DRVO012_SALON
  cleanup: removed DRVO012_MARKET
Scenario 1 — migration verify + CASHER_BOOT grandfathered
  ok: migration 9 verify (clean)
  ok: CASHER_BOOT is internal/active with no trial clock
[db:cloud] Connection attempt 1/3 server=127.0.0.1 db=last132_agent auth=sql
[db:cloud] Connected to SQL Server successfully
  ok: CASHER_BOOT keeps every registered app installed
  ok: CASHER_BOOT plan change is rejected (got BOOTSTRAP_TENANT_PROTECTED)
  ok: CASHER_BOOT app uninstall is rejected (got BOOTSTRAP_TENANT_PROTECTED)
Scenario 2 — salon minus queue plus inventory (starter trial)
  ok: salon readiness PASS
  ok: salon on starter trial
  ok: salon trial end recorded
  ok: salon customization applied
  ok: operations surface is not installed as an app
Scenario 3 — supermarket + unknown pack
  ok: supermarket readiness PASS
  ok: supermarket pack recorded
  ok: supermarket does not install booking
  ok: unknown pack is not resolvable
  ok: unknown app in onboarding is rejected (got UNKNOWN_APP)
Scenario 4 — dependencies, safe disable, reinstall
  ok: inventory cannot be disabled while purchasing is installed (got DEPENDENCY_IN_USE)
  ok: disable keeps the entitlement row (no delete)
  ok: reinstall restores the existing row
  ok: pack-required booking cannot be disabled (got REQUIRED_BY_PACK)
Scenario 5 — limits on starter
  ok: starter blocks a second branch
  ok: starter allows a second user (1 of 5 used)
Scenario 6 — plan change keeps apps
  ok: starter -> growth applied
  ok: installed apps unchanged by plan change
  ok: growth allows a second branch
Scenario 7 — subscription lifecycle
  ok: trial allowed
  ok: trial blocked after TrialEndsAt (injected clock)
  ok: past_due allowed with warning in grace
  ok: past_due blocked after grace
  ok: suspended blocked
  ok: cancelled allowed until paid period end
  ok: cancelled blocked after paid period
  ok: cancelled -> past_due rejected (got INVALID_TRANSITION)
Scenario 8 — cleanup + CASHER_BOOT verify
[pages-sync] Registry synced ✓
[roles-sync] Partner role synced ✓
  cleanup: removed DRVO012_SALON
  cleanup: removed DRVO012_MARKET
  ok: no DRVO012 residue
  ok: CASHER_BOOT bootstrap verify (clean)
  ok: migration 9 verify after cleanup
DRVO-012 smoke PASS
